C:\Users\acer\Documents\GitHub\4_sem_simulering_task1\Sim_task1_plc\Logical\Global.typ
C:\Users\acer\Documents\GitHub\4_sem_simulering_task1\Sim_task1_plc\Logical\Global.var
C:\Users\acer\Documents\GitHub\4_sem_simulering_task1\Sim_task1_plc\Logical\Libraries\operator\operator.fun
C:\Users\acer\Documents\GitHub\4_sem_simulering_task1\Sim_task1_plc\Logical\Libraries\operator\operator.typ
C:\Users\acer\Documents\GitHub\4_sem_simulering_task1\Sim_task1_plc\Logical\Libraries\operator\operator.var
C:\Users\acer\Documents\GitHub\4_sem_simulering_task1\Sim_task1_plc\Logical\Libraries\runtime\runtime.fun
C:\Users\acer\Documents\GitHub\4_sem_simulering_task1\Sim_task1_plc\Logical\Libraries\runtime\runtime.typ
C:\Users\acer\Documents\GitHub\4_sem_simulering_task1\Sim_task1_plc\Logical\Libraries\runtime\runtime.var
C:\Users\acer\Documents\GitHub\4_sem_simulering_task1\Sim_task1_plc\Logical\Libraries\astime\astime.fun
C:\Users\acer\Documents\GitHub\4_sem_simulering_task1\Sim_task1_plc\Logical\Libraries\astime\astime.typ
C:\Users\acer\Documents\GitHub\4_sem_simulering_task1\Sim_task1_plc\Logical\Libraries\astime\astime.var
C:\Users\acer\Documents\GitHub\4_sem_simulering_task1\Sim_task1_plc\Logical\Libraries\AsIecCon\AsIecCon.fun
C:\Users\acer\Documents\GitHub\4_sem_simulering_task1\Sim_task1_plc\Logical\Libraries\AsIecCon\AsIecCon.typ
C:\Users\acer\Documents\GitHub\4_sem_simulering_task1\Sim_task1_plc\Logical\Libraries\AsIecCon\AsIecCon.var
C:\Users\acer\Documents\GitHub\4_sem_simulering_task1\Sim_task1_plc\Logical\Libraries\standard\standard.fun
C:\Users\acer\Documents\GitHub\4_sem_simulering_task1\Sim_task1_plc\Logical\Libraries\standard\standard.typ
C:\Users\acer\Documents\GitHub\4_sem_simulering_task1\Sim_task1_plc\Logical\Libraries\standard\standard.var
